---
source: crates/sui-config/tests/snapshot_tests.rs
expression: genesis.narwhal_worker_cache()
---
workers:
  ucbuFjDvPnERRKZI2wa7sihPcnTPvuU//O5QPMGkkgA=:
    0:
      name: ucbuFjDvPnERRKZI2wa7sihPcnTPvuU//O5QPMGkkgA=
      transactions: ""
      worker_address: ""
epoch: 0

