---
source: crates/sui-config/tests/snapshot_tests.rs
expression: genesis.validator_set()
---
- name: "0"
  public-key: IP26ybELdYe7p7W8FjvOaeeW1x5O1EwQ/LRIhon3oUQ=
  stake: 1
  delegation: 0
  network-address: ""
  narwhal-primary-to-primary: ""
  narwhal-worker-to-primary: ""
  narwhal-primary-to-worker: ""
  narwhal-worker-to-worker: ""
  narwhal-consensus-address: ""

