---
source: crates/sui-config/tests/snapshot_tests.rs
expression: genesis.sui_system_object().into_genesis_version_for_tooling()
---
epoch: 0
protocol_version: 1
system_state_version: 1
validators:
  total_stake: 20000000000000000
  active_validators:
    - metadata:
        sui_address: "0x60307f36c284875bf298d4d85a673046648b1ac4b47e712e42ab10d57dd77a26"
        protocol_pubkey_bytes:
          - 153
          - 242
          - 94
          - 246
          - 31
          - 128
          - 50
          - 185
          - 20
          - 99
          - 100
          - 96
          - 152
          - 44
          - 92
          - 198
          - 241
          - 52
          - 239
          - 29
          - 218
          - 231
          - 102
          - 87
          - 242
          - 203
          - 254
          - 193
          - 235
          - 252
          - 141
          - 9
          - 115
          - 116
          - 8
          - 13
          - 246
          - 252
          - 240
          - 220
          - 184
          - 188
          - 75
          - 13
          - 142
          - 10
          - 245
          - 216
          - 14
          - 187
          - 255
          - 43
          - 76
          - 89
          - 159
          - 84
          - 244
          - 45
          - 99
          - 18
          - 223
          - 195
          - 20
          - 39
          - 96
          - 120
          - 193
          - 204
          - 52
          - 126
          - 187
          - 190
          - 197
          - 25
          - 139
          - 226
          - 88
          - 81
          - 63
          - 56
          - 107
          - 147
          - 13
          - 2
          - 194
          - 116
          - 154
          - 128
          - 62
          - 35
          - 48
          - 149
          - 94
          - 189
          - 26
          - 16
        network_pubkey_bytes:
          - 148
          - 228
          - 168
          - 73
          - 49
          - 68
          - 233
          - 230
          - 150
          - 32
          - 140
          - 190
          - 208
          - 2
          - 89
          - 230
          - 221
          - 181
          - 111
          - 151
          - 155
          - 145
          - 195
          - 41
          - 103
          - 86
          - 9
          - 133
          - 190
          - 97
          - 144
          - 155
        worker_pubkey_bytes:
          - 31
          - 42
          - 121
          - 1
          - 168
          - 66
          - 228
          - 211
          - 98
          - 59
          - 198
          - 28
          - 225
          - 193
          - 113
          - 125
          - 46
          - 118
          - 142
          - 15
          - 215
          - 45
          - 248
          - 52
          - 26
          - 245
          - 102
          - 21
          - 185
          - 22
          - 240
          - 56
        proof_of_possession_bytes:
          - 151
          - 191
          - 31
          - 245
          - 62
          - 131
          - 184
          - 23
          - 162
          - 33
          - 124
          - 71
          - 229
          - 10
          - 56
          - 179
          - 47
          - 67
          - 223
          - 65
          - 196
          - 125
          - 67
          - 111
          - 55
          - 104
          - 114
          - 157
          - 166
          - 146
          - 6
          - 104
          - 90
          - 214
          - 33
          - 36
          - 63
          - 93
          - 228
          - 221
          - 166
          - 7
          - 164
          - 61
          - 169
          - 219
          - 78
          - 19
        name: "0"
        description: ""
        image_url: ""
        project_url: ""
        net_address: /ip4/127.0.0.1/tcp/80
        p2p_address: /ip4/127.0.0.1/udp/80
        primary_address: /ip4/127.0.0.1/udp/80
        worker_address: /ip4/127.0.0.1/udp/80
        next_epoch_protocol_pubkey_bytes: ~
        next_epoch_proof_of_possession: ~
        next_epoch_network_pubkey_bytes: ~
        next_epoch_worker_pubkey_bytes: ~
        next_epoch_net_address: ~
        next_epoch_p2p_address: ~
        next_epoch_primary_address: ~
        next_epoch_worker_address: ~
        extra_fields:
          id:
            id: "0xc4bbd747b7ffb7d2ca1191e8c78d24c7d68ce879800a202cef2580368460584c"
          size: 0
      voting_power: 10000
      operation_cap_id: "0x9731aaf38f8b57ee6d580e022725db186ee11b5ee12ebbdda098b9a2587108d5"
      gas_price: 1
      staking_pool:
        id: "0xe6b6a39486fe9044d2d01c9eccbe9ac2ecae2afe44becf11d75f5d78c20a4ef7"
        activation_epoch: 0
        deactivation_epoch: ~
        sui_balance: 20000000000000000
        rewards_pool:
          value: 0
        pool_token_balance: 20000000000000000
        exchange_rates:
          id: "0x56a76f74964995288d71edca2c97b1f4781a7993a7d24f515b4c67a3d85e5a6c"
          size: 1
        pending_stake: 0
        pending_total_sui_withdraw: 0
        pending_pool_token_withdraw: 0
        extra_fields:
          id:
            id: "0x70411e3b1438c7a63db08c9cadca23fe3d382dc6fe4833d3fe6b1e7040efb08a"
          size: 0
      commission_rate: 0
      next_epoch_stake: 20000000000000000
      next_epoch_gas_price: 1
      next_epoch_commission_rate: 0
      extra_fields:
        id:
          id: "0x492accadeec39bec924a63fd223b9b09e4abcbb07bf87efee6ca490471cc7f36"
        size: 0
  pending_active_validators:
    contents:
      id: "0xd42343144916659d77febf40bc0e02ae09547ae74ce3fc5f4302eb9ec7e256d0"
      size: 0
  pending_removals: []
  staking_pool_mappings:
    id: "0xafce5103fe5a219a4901c57e60b69fe80f817b4fb7100b580ce4ef154df7a961"
    size: 1
  inactive_validators:
    id: "0xf007f604f596d67e6448ce483d41ac1ca186575425e67dbfb08b0976df9b0c48"
    size: 0
  validator_candidates:
    id: "0xa2a70ec4a10e0073304a1acb9ea96d978dd889e36bf6e53c1cd22194e066447a"
    size: 0
  at_risk_validators:
    contents: []
  extra_fields:
    id:
      id: "0xa26b61682b753421e4e6985df3acc605d0a386b131946fa69cba46bfffc9fa3c"
    size: 0
storage_fund:
  total_object_storage_rebates:
    value: 0
  non_refundable_balance:
    value: 0
parameters:
  epoch_duration_ms: 86400000
  stake_subsidy_start_epoch: 0
  max_validator_count: 150
  min_validator_joining_stake: 30000000000000000
  validator_low_stake_threshold: 20000000000000000
  validator_very_low_stake_threshold: 15000000000000000
  validator_low_stake_grace_period: 7
  extra_fields:
    id:
      id: "0xc28f97b92b5979211ed9afb1e17217b69fcae62b792b449c8d2e5622f4293c26"
    size: 0
reference_gas_price: 1
validator_report_records:
  contents: []
stake_subsidy:
  balance:
    value: 9980000000000000000
  distribution_counter: 0
  current_distribution_amount: 1000000000000000
  stake_subsidy_period_length: 30
  stake_subsidy_decrease_rate: 10000
  extra_fields:
    id:
      id: "0x24e44b88ef120f159612dd3af2ce6c6a9540e017e6eb65b881b99fc791d203aa"
    size: 0
safe_mode: false
safe_mode_storage_rewards:
  value: 0
safe_mode_computation_rewards:
  value: 0
safe_mode_storage_rebates: 0
safe_mode_non_refundable_storage_fee: 0
epoch_start_timestamp_ms: 10
extra_fields:
  id:
    id: "0x5d2773b530d97eee20f55856d12991e3671502fa190cc915b52fb4920e967c77"
  size: 0

