---
source: crates/sui/tests/snapshot_tests.rs
expression: "run_one(cmds, context).await?"
---
[
  "sui client objects {ME}",
  [
    {
      "data": {
        "objectId": "0x3ae68e9c211429b233566c8e41a51f20493bcea0ceb47fb4d9e9a0482545c7cf",
        "version": "1",
        "digest": "FhyYuWy2bzZdMFU8HKMnVsQHGcfb5zPayz7SAf8KcZBb",
        "type": "0x2::coin::Coin<0x2::sui::SUI>",
        "owner": {
          "AddressOwner": "0x164f0565069cfbc2a65d327b6866a606aacd64050f9916a475b3738239877285"
        },
        "previousTransaction": "7DLVe3T7XrBMXDLLoHoo4mwkXkfhvQXvADFVh6U678eF",
        "storageRebate": "0",
        "content": {
          "dataType": "moveObject",
          "type": "0x2::coin::Coin<0x2::sui::SUI>",
          "hasPublicTransfer": true,
          "fields": {
            "balance": "30000000000000000",
            "id": {
              "id": "0x3ae68e9c211429b233566c8e41a51f20493bcea0ceb47fb4d9e9a0482545c7cf"
            }
          }
        }
      }
    },
    {
      "data": {
        "objectId": "0x763de283f13dcad36e084f57516c4f608374b0ac7ca5ccf02ce80264722b0a54",
        "version": "1",
        "digest": "CXZgaEU5hBVrFwYmEYtu3VgfC3nZD87QnhTmr5vsReDt",
        "type": "0x2::coin::Coin<0x2::sui::SUI>",
        "owner": {
          "AddressOwner": "0x164f0565069cfbc2a65d327b6866a606aacd64050f9916a475b3738239877285"
        },
        "previousTransaction": "7DLVe3T7XrBMXDLLoHoo4mwkXkfhvQXvADFVh6U678eF",
        "storageRebate": "0",
        "content": {
          "dataType": "moveObject",
          "type": "0x2::coin::Coin<0x2::sui::SUI>",
          "hasPublicTransfer": true,
          "fields": {
            "balance": "30000000000000000",
            "id": {
              "id": "0x763de283f13dcad36e084f57516c4f608374b0ac7ca5ccf02ce80264722b0a54"
            }
          }
        }
      }
    },
    {
      "data": {
        "objectId": "0x76539d7542b6738c03d2544f81cd66e8bff8e3b5ca8d34b6c1b83cad983120f3",
        "version": "1",
        "digest": "iwobZubtKpgNgiKs1rNzU3RoTAxmbnN6heMeTvLu4hE",
        "type": "0x2::coin::Coin<0x2::sui::SUI>",
        "owner": {
          "AddressOwner": "0x164f0565069cfbc2a65d327b6866a606aacd64050f9916a475b3738239877285"
        },
        "previousTransaction": "7DLVe3T7XrBMXDLLoHoo4mwkXkfhvQXvADFVh6U678eF",
        "storageRebate": "0",
        "content": {
          "dataType": "moveObject",
          "type": "0x2::coin::Coin<0x2::sui::SUI>",
          "hasPublicTransfer": true,
          "fields": {
            "balance": "30000000000000000",
            "id": {
              "id": "0x76539d7542b6738c03d2544f81cd66e8bff8e3b5ca8d34b6c1b83cad983120f3"
            }
          }
        }
      }
    },
    {
      "data": {
        "objectId": "0xf77efbe96f3ba282ce07c87e1f6770f13bd16024ffd98a3b2c81b57e2bf258cd",
        "version": "1",
        "digest": "72wBSwCafD91kACfYjwWQ9yiMF5dyQtjLHB94JuC3Sk2",
        "type": "0x2::coin::Coin<0x2::sui::SUI>",
        "owner": {
          "AddressOwner": "0x164f0565069cfbc2a65d327b6866a606aacd64050f9916a475b3738239877285"
        },
        "previousTransaction": "7DLVe3T7XrBMXDLLoHoo4mwkXkfhvQXvADFVh6U678eF",
        "storageRebate": "0",
        "content": {
          "dataType": "moveObject",
          "type": "0x2::coin::Coin<0x2::sui::SUI>",
          "hasPublicTransfer": true,
          "fields": {
            "balance": "30000000000000000",
            "id": {
              "id": "0xf77efbe96f3ba282ce07c87e1f6770f13bd16024ffd98a3b2c81b57e2bf258cd"
            }
          }
        }
      }
    },
    {
      "data": {
        "objectId": "0xfe796d9b3d2fe7be8e9b0ce03261f99877d3387bbc5543b8875f17048ca98023",
        "version": "1",
        "digest": "HTdzYSnJp9RGRA1ES5SSW4PPVzciULJAoWjBPdJVP6HY",
        "type": "0x2::coin::Coin<0x2::sui::SUI>",
        "owner": {
          "AddressOwner": "0x164f0565069cfbc2a65d327b6866a606aacd64050f9916a475b3738239877285"
        },
        "previousTransaction": "7DLVe3T7XrBMXDLLoHoo4mwkXkfhvQXvADFVh6U678eF",
        "storageRebate": "0",
        "content": {
          "dataType": "moveObject",
          "type": "0x2::coin::Coin<0x2::sui::SUI>",
          "hasPublicTransfer": true,
          "fields": {
            "balance": "30000000000000000",
            "id": {
              "id": "0xfe796d9b3d2fe7be8e9b0ce03261f99877d3387bbc5543b8875f17048ca98023"
            }
          }
        }
      }
    }
  ],
  "sui client objects 0x0000000000000000000000000000000000000000000000000000000000000000",
  [],
  "sui client object 0x5",
  [
    {
      "data": {
        "objectId": "0x0000000000000000000000000000000000000000000000000000000000000005",
        "version": "1",
        "digest": "BNTcDY46MjDTPKUM7pJEshha7ArRvSM2uTGKhFovTFtV",
        "type": "0x3::sui_system::SuiSystemState",
        "owner": {
          "Shared": {
            "initial_shared_version": {
              "$serde_json::private::Number": "1"
            }
          }
        },
        "previousTransaction": "7DLVe3T7XrBMXDLLoHoo4mwkXkfhvQXvADFVh6U678eF",
        "storageRebate": "0",
        "content": {
          "dataType": "moveObject",
          "type": "0x3::sui_system::SuiSystemState",
          "hasPublicTransfer": false,
          "fields": {
            "id": {
              "id": "0x0000000000000000000000000000000000000000000000000000000000000005"
            },
            "version": "1"
          }
        }
      }
    }
  ],
  "sui client object 0x5 --bcs",
  [
    {
      "data": {
        "objectId": "0x0000000000000000000000000000000000000000000000000000000000000005",
        "version": "1",
        "digest": "BNTcDY46MjDTPKUM7pJEshha7ArRvSM2uTGKhFovTFtV",
        "type": "0x3::sui_system::SuiSystemState",
        "owner": {
          "Shared": {
            "initial_shared_version": {
              "$serde_json::private::Number": "1"
            }
          }
        },
        "previousTransaction": "7DLVe3T7XrBMXDLLoHoo4mwkXkfhvQXvADFVh6U678eF",
        "storageRebate": "0",
        "bcs": {
          "dataType": "moveObject",
          "type": "0x3::sui_system::SuiSystemState",
          "hasPublicTransfer": false,
          "version": {
            "$serde_json::private::Number": "1"
          },
          "bcsBytes": "AAAAAAAAAAAAAAAAAAAAAAAAAAAAAAAAAAAAAAAAAAUBAAAAAAAAAA=="
        }
      }
    }
  ],
  "sui client object 0x0000000000000000000000000000000000000000000000000000000000000000",
  [
    {
      "error": {
        "code": "notExists",
        "object_id": "0x0000000000000000000000000000000000000000000000000000000000000000"
      }
    }
  ],
  "sui client tx-block Duwr9uSk9ZvNdEa8oDHunx345i6oyrp3e78MYHVAbYdv",
  "RPC call failed: ErrorObject { code: ServerError(-32000), message: \"Could not find the referenced transaction [TransactionDigest(Duwr9uSk9ZvNdEa8oDHunx345i6oyrp3e78MYHVAbYdv)].\", data: None }",
  "sui client tx-block EgMTHQygMi6SRsBqrPHAEKZCNrpShXurCp9rcb9qbSg8",
  "RPC call failed: ErrorObject { code: ServerError(-32000), message: \"Could not find the referenced transaction [TransactionDigest(EgMTHQygMi6SRsBqrPHAEKZCNrpShXurCp9rcb9qbSg8)].\", data: None }"
]
