---
source: crates/sui-cost/tests/snapshot_tests.rs
expression: common_costs
---
Publish:
  computationCost: 520
  storageCost: 83
  storageRebate: 16
MergeCoin:
  computationCost: 461
  storageCost: 32
  storageRebate: 0
? SplitCoin: 0
: computationCost: 444
  storageCost: 32
  storageRebate: 0
? SplitCoin: 1
: computationCost: 487
  storageCost: 48
  storageRebate: 0
? SplitCoin: 2
: computationCost: 530
  storageCost: 64
  storageRebate: 0
? SplitCoin: 3
: computationCost: 572
  storageCost: 80
  storageRebate: 0
TransferWholeCoin:
  computationCost: 41
  storageCost: 32
  storageRebate: 0
TransferPortionCoin:
  computationCost: 41
  storageCost: 32
  storageRebate: 0
TransferWholeSuiCoin:
  computationCost: 38
  storageCost: 32
  storageRebate: 0
TransferPortionSuiCoin:
  computationCost: 45
  storageCost: 48
  storageRebate: 0
SharedCounterCreate:
  computationCost: 109
  storageCost: 31
  storageRebate: 0
SharedCounterAssertValue:
  computationCost: 198
  storageCost: 31
  storageRebate: 15
SharedCounterIncrement:
  computationCost: 197
  storageCost: 31
  storageRebate: 15

