---
source: consensus/config/tests/parameters_test.rs
expression: parameters
---
leader_timeout:
  secs: 0
  nanos: 250000000

